15:23:39 **** Incremental Build of configuration Debug for project versuch_2_timer ****
make -j20 all 
arm-none-eabi-gcc "../Core/Src/stm32f4xx_it.c" -mcpu=cortex-m4 -std=gnu11 -g3 -DDEBUG -DUSE_HAL_DRIVER -DSTM32F429xx -c -I../Core/Inc -I../Drivers/STM32F4xx_HAL_Driver/Inc -I../Drivers/STM32F4xx_HAL_Driver/Inc/Legacy -I../Drivers/CMSIS/Device/ST/STM32F4xx/Include -I../Drivers/CMSIS/Include -O0 -ffunction-sections -fdata-sections -Wall -fstack-usage -fcyclomatic-complexity -MMD -MP -MF"Core/Src/stm32f4xx_it.d" -MT"Core/Src/stm32f4xx_it.o" --specs=nano.specs -mfpu=fpv4-sp-d16 -mfloat-abi=hard -mthumb -o "Core/Src/stm32f4xx_it.o"
../Core/Src/stm32f4xx_it.c:47:12: warning: 'step' defined but not used [-Wunused-variable]
   47 | static int step = 0;
      |            ^~~~
../Core/Src/stm32f4xx_it.c:46:12: warning: 'test' defined but not used [-Wunused-variable]
   46 | static int test = 0;
      |            ^~~~
arm-none-eabi-gcc -o "versuch_2_timer.elf" @"objects.list"   -mcpu=cortex-m4 -T"/home/rexphel/STM32CubeIDE/workspace_1.16.1/versuch_2_timer/STM32F429ZITX_FLASH.ld" --specs=nosys.specs -Wl,-Map="versuch_2_timer.map" -Wl,--gc-sections -static --specs=nano.specs -mfpu=fpv4-sp-d16 -mfloat-abi=hard -mthumb -Wl,--start-group -lc -lm -Wl,--end-group
Finished building target: versuch_2_timer.elf
 
arm-none-eabi-size  versuch_2_timer.elf 
arm-none-eabi-objdump -h -S versuch_2_timer.elf  > "versuch_2_timer.list"
   text	   data	    bss	    dec	    hex	filename
  18228	     12	   3604	  21844	   5554	versuch_2_timer.elf
Finished building: default.size.stdout
 
Finished building: versuch_2_timer.list
 

15:23:40 Build Finished. 0 errors, 2 warnings. (took 272ms)

