../Core/Src/main.c:84:5:main	24	static
../Core/Src/main.c:159:6:SystemClock_Config	88	static
../Core/Src/main.c:205:13:MX_ADC1_Init	24	static
../Core/Src/main.c:257:13:MX_ETH_Init	8	static
../Core/Src/main.c:306:13:MX_I2C2_Init	8	static
../Core/Src/main.c:354:13:MX_USART3_UART_Init	8	static
../Core/Src/main.c:387:13:MX_USB_OTG_FS_PCD_Init	8	static
../Core/Src/main.c:422:13:MX_GPIO_Init	56	static
../Core/Src/main.c:475:6:HAL_ADC_ConvCpltCallback	16	static
../Core/Src/main.c:496:6:Error_Handler	4	static,ignoring_inline_asm
