../Core/Src/main.c:97:5:main	48	static
../Core/Src/main.c:194:6:SystemClock_Config	88	static
../Core/Src/main.c:240:13:MX_ADC1_Init	24	static
../Core/Src/main.c:292:13:MX_ETH_Init	8	static
../Core/Src/main.c:341:13:MX_I2C2_Init	8	static
../Core/Src/main.c:389:13:MX_SPI1_Init	8	static
../Core/Src/main.c:427:13:MX_USART3_UART_Init	8	static
../Core/Src/main.c:460:13:MX_USB_OTG_FS_PCD_Init	8	static
../Core/Src/main.c:495:13:MX_GPIO_Init	56	static
../Core/Src/main.c:558:6:HAL_ADC_ConvCpltCallback	16	static
../Core/Src/main.c:577:6:Error_Handler	4	static,ignoring_inline_asm
